// Jest Snapshot v1, https://goo.gl/fbAQLP

exports[`App should render properly 1`] = `
<Router history="{{...}}">
  <ThemeProvider theme="{{...}}">
    <AppWrapper>
      <Main>
        <Switch>
          <Route path="/"
                 exact="{true}"
                 render="{[Function:"
                 render]}
          >
          </Route>
          <Route component="{[Function:"
                 notfound]}
          >
          </Route>
        </Switch>
      </Main>
      <_default>
      </_default>
    </AppWrapper>
  </ThemeProvider>
</Router>
`;
