// Jest Snapshot v1, https://goo.gl/fbAQLP

exports[`constants should match the snapshot 1`] = `
Object {
  "CONNECT_WEBSOCKET_SUCCESS": "CONNECT_WEBSOCKET_SUCCESS",
  "EXCEPTION": "EXCEPTION",
  "HIDE_ALERT": "HIDE_ALERT",
  "LISTEN_SERVER": "LISTEN_SERVER",
  "LOAD_INITIAL_DATA": "LOAD_INITIAL_DATA",
  "LOAD_INITIAL_DATA_FAILURE": "LOAD_INITIAL_DATA_FAILURE",
  "LOAD_INITIAL_DATA_SUCCESS": "LOAD_INITIAL_DATA_SUCCESS",
  "NEW_DATA_RECEIVED": "NEW_DATA_RECEIVED",
  "RESET_DASHBOARD_DATA": "RESET_DASHBOARD_DATA",
  "SHOW_ALERT": "SHOW_ALERT",
  "SWITCH_MENU": "SWITCH_MENU",
}
`;

exports[`constants should match the snapshot 2`] = `
Object {
  "ERROR": "error",
  "IDLE": "idle",
  "READY": "ready",
  "RUNNING": "running",
  "SUCCESS": "success",
}
`;
